[0.009s] Invoking command in '/workspace/build/unitree_ros2_example': CMAKE_PREFIX_PATH=${CMAKE_PREFIX_PATH}:/opt/ros/humble /usr/bin/cmake /workspace/unitree_ros2/example/src -DCMAKE_INSTALL_PREFIX=/workspace/install/unitree_ros2_example
[0.066s] -- The C compiler identification is GNU 11.4.0
[0.116s] -- The CXX compiler identification is GNU 11.4.0
[0.124s] -- Detecting C compiler ABI info
[0.186s] -- Detecting C compiler ABI info - done
[0.191s] -- Check for working C compiler: /usr/bin/gcc - skipped
[0.192s] -- Detecting C compile features
[0.192s] -- Detecting C compile features - done
[0.195s] -- Detecting CXX compiler ABI info
[0.269s] -- Detecting CXX compiler ABI info - done
[0.274s] -- Check for working CXX compiler: /usr/bin/g++ - skipped
[0.274s] -- Detecting CXX compile features
[0.274s] -- Detecting CXX compile features - done
[0.279s] -- Found ament_cmake: 1.3.14 (/opt/ros/humble/share/ament_cmake/cmake)
[0.390s] -- Found Python3: /opt/venv/bin/python3 (found version "3.10.12") found components: Interpreter 
[0.482s] -- Found unitree_go: 0.0.0 (/workspace/unitree_ros2/cyclonedds_ws/install/unitree_go/share/unitree_go/cmake)
[0.529s] -- Found rosidl_generator_c: 3.1.9 (/opt/ros/humble/share/rosidl_generator_c/cmake)
[0.535s] -- Found rosidl_adapter: 3.1.9 (/opt/ros/humble/share/rosidl_adapter/cmake)
[0.545s] -- Found rosidl_generator_cpp: 3.1.9 (/opt/ros/humble/share/rosidl_generator_cpp/cmake)
[0.558s] -- Using all available rosidl_typesupport_c: rosidl_typesupport_fastrtps_c;rosidl_typesupport_introspection_c
[0.575s] -- Using all available rosidl_typesupport_cpp: rosidl_typesupport_fastrtps_cpp;rosidl_typesupport_introspection_cpp
[0.620s] -- Found unitree_hg: 0.0.0 (/workspace/unitree_ros2/cyclonedds_ws/install/unitree_hg/share/unitree_hg/cmake)
[0.630s] -- Found unitree_api: 0.0.0 (/workspace/unitree_ros2/cyclonedds_ws/install/unitree_api/share/unitree_api/cmake)
[0.642s] -- Found rclcpp: 16.0.19 (/opt/ros/humble/share/rclcpp/cmake)
[0.684s] -- Found rmw_implementation_cmake: 6.1.3 (/opt/ros/humble/share/rmw_implementation_cmake/cmake)
[0.688s] -- Found rmw_cyclonedds_cpp: 1.3.5 (/opt/ros/humble/share/rmw_cyclonedds_cpp/cmake)
[0.710s] -- Using RMW implementation 'rmw_cyclonedds_cpp' as default
[0.722s] -- Looking for pthread.h
[0.788s] -- Looking for pthread.h - found
[0.788s] -- Performing Test CMAKE_HAVE_LIBC_PTHREAD
[0.855s] -- Performing Test CMAKE_HAVE_LIBC_PTHREAD - Success
[0.855s] -- Found Threads: TRUE  
[0.892s] -- Found sensor_msgs: 4.9.2 (/opt/ros/humble/share/sensor_msgs/cmake)
[0.907s] -- Found trajectory_msgs: 4.9.2 (/opt/ros/humble/share/trajectory_msgs/cmake)
[0.922s] -- Found rosbag2_cpp: 0.15.16 (/opt/ros/humble/share/rosbag2_cpp/cmake)
[0.981s] -- Found unitree_arm: 0.0.0 (/workspace/unitree_ros2/cyclonedds_ws/install/unitree_arm/share/unitree_arm/cmake)
[1.063s] -- Found yaml-cpp version 0.7.0
[1.069s] -- Found ament_lint_auto: 0.12.15 (/opt/ros/humble/share/ament_lint_auto/cmake)
[1.168s] -- Added test 'copyright' to check source files copyright and LICENSE
[1.176s] -- Added test 'cppcheck' to perform static code analysis on C / C++ code
[1.179s] -- Configured cppcheck include dirs: /workspace/unitree_ros2/example/src/include;/workspace/unitree_ros2/example/src/include/common;/workspace/unitree_ros2/example/src/include/nlohmann;/workspace/unitree_ros2/example/src/include/champ;/workspace/unitree_ros2/example/src/../../../unitree_sdk2/include;/workspace/unitree_ros2/example/src/../../../d1_sdk/src/msg
[1.179s] -- Configured cppcheck exclude dirs and/or files: 
[1.187s] -- Added test 'cpplint' to check C / C++ code against the Google style
[1.187s] -- Configured cpplint exclude dirs and/or files: 
[1.188s] -- Added test 'flake8' to check Python code syntax and style conventions
[1.191s] -- Added test 'lint_cmake' to check CMake code style
[1.192s] -- Added test 'pep257' to check Python code against some of the docstring style conventions in PEP 257
[1.200s] -- Added test 'uncrustify' to check C / C++ code style
[1.200s] -- Configured uncrustify additional arguments: 
[1.201s] -- Added test 'xmllint' to check XML markup files
[1.202s] -- Configuring done
[1.330s] -- Generating done
[1.369s] -- Build files have been written to: /workspace/build/unitree_ros2_example
[1.381s] Invoked command in '/workspace/build/unitree_ros2_example' returned '0': CMAKE_PREFIX_PATH=${CMAKE_PREFIX_PATH}:/opt/ros/humble /usr/bin/cmake /workspace/unitree_ros2/example/src -DCMAKE_INSTALL_PREFIX=/workspace/install/unitree_ros2_example
[1.383s] Invoking command in '/workspace/build/unitree_ros2_example': CMAKE_PREFIX_PATH=${CMAKE_PREFIX_PATH}:/opt/ros/humble /usr/bin/cmake --build /workspace/build/unitree_ros2_example
[1.436s] [  1%] [32mBuilding CXX object CMakeFiles/low_level_ctrl.dir/src/low_level_ctrl.cpp.o[0m
[4.756s] [  2%] [32mBuilding CXX object CMakeFiles/low_level_ctrl.dir/src/common/motor_crc.cpp.o[0m
[6.929s] [  4%] [32m[1mLinking CXX executable low_level_ctrl[0m
[7.088s] [  4%] Built target low_level_ctrl
[7.106s] [  5%] [32mBuilding CXX object CMakeFiles/low_level_ctrl_hg.dir/src/h1-2/lowlevel/low_level_ctrl_hg.cpp.o[0m
[13.471s] [  7%] [32mBuilding CXX object CMakeFiles/low_level_ctrl_hg.dir/src/common/motor_crc_hg.cpp.o[0m
[15.616s] [  8%] [32m[1mLinking CXX executable low_level_ctrl_hg[0m
[15.931s] [  8%] Built target low_level_ctrl_hg
[15.951s] [  9%] [32mBuilding CXX object CMakeFiles/g1_low_level_example.dir/src/g1/lowlevel/g1_low_level_example.cpp.o[0m
[22.258s] [ 11%] [32mBuilding CXX object CMakeFiles/g1_low_level_example.dir/src/common/motor_crc_hg.cpp.o[0m
[24.450s] [ 12%] [32m[1mLinking CXX executable g1_low_level_example[0m
[24.775s] [ 12%] Built target g1_low_level_example
[24.796s] [ 14%] [32mBuilding CXX object CMakeFiles/read_low_state.dir/src/read_low_state.cpp.o[0m
[30.824s] [ 15%] [32m[1mLinking CXX executable read_low_state[0m
[31.122s] [ 15%] Built target read_low_state
[31.142s] [ 16%] [32mBuilding CXX object CMakeFiles/read_low_state_hg.dir/src/read_low_state_hg.cpp.o[0m
[37.212s] [ 18%] [32m[1mLinking CXX executable read_low_state_hg[0m
[37.498s] [ 18%] Built target read_low_state_hg
[37.518s] [ 19%] [32mBuilding CXX object CMakeFiles/read_motion_state.dir/src/read_motion_state.cpp.o[0m
[43.524s] [ 21%] [32m[1mLinking CXX executable read_motion_state[0m
[43.820s] [ 21%] Built target read_motion_state
[43.842s] [ 22%] [32mBuilding CXX object CMakeFiles/read_wireless_controller.dir/src/read_wireless_controller.cpp.o[0m
[49.780s] [ 23%] [32m[1mLinking CXX executable read_wireless_controller[0m
[50.076s] [ 23%] Built target read_wireless_controller
[50.096s] [ 25%] [32mBuilding CXX object CMakeFiles/go2_sport_client.dir/src/go2/go2_sport_client.cpp.o[0m
[57.364s] [ 26%] [32mBuilding CXX object CMakeFiles/go2_sport_client.dir/src/common/ros2_sport_client.cpp.o[0m
[61.232s] gmake[2]: *** [CMakeFiles/go2_sport_client.dir/build.make:90: CMakeFiles/go2_sport_client.dir/src/common/ros2_sport_client.cpp.o] Interrupt
[61.232s] gmake[1]: *** [CMakeFiles/Makefile2:369: CMakeFiles/go2_sport_client.dir/all] Interrupt
[61.232s] gmake: *** [Makefile:146: all] Interrupt
[61.275s] Invoked command in '/workspace/build/unitree_ros2_example' returned '-2': CMAKE_PREFIX_PATH=${CMAKE_PREFIX_PATH}:/opt/ros/humble /usr/bin/cmake --build /workspace/build/unitree_ros2_example
