-- Found ament_cmake: 1.3.14 (/opt/ros/humble/share/ament_cmake/cmake)
-- Found unitree_go: 0.0.0 (/workspace/unitree_ros2/cyclonedds_ws/install/unitree_go/share/unitree_go/cmake)
-- Found rosidl_generator_c: 3.1.9 (/opt/ros/humble/share/rosidl_generator_c/cmake)
-- Found rosidl_adapter: 3.1.9 (/opt/ros/humble/share/rosidl_adapter/cmake)
-- Found rosidl_generator_cpp: 3.1.9 (/opt/ros/humble/share/rosidl_generator_cpp/cmake)
-- Using all available rosidl_typesupport_c: rosidl_typesupport_fastrtps_c;rosidl_typesupport_introspection_c
-- Using all available rosidl_typesupport_cpp: rosidl_typesupport_fastrtps_cpp;rosidl_typesupport_introspection_cpp
-- Found unitree_hg: 0.0.0 (/workspace/unitree_ros2/cyclonedds_ws/install/unitree_hg/share/unitree_hg/cmake)
-- Found unitree_api: 0.0.0 (/workspace/unitree_ros2/cyclonedds_ws/install/unitree_api/share/unitree_api/cmake)
-- Found rclcpp: 16.0.19 (/opt/ros/humble/share/rclcpp/cmake)
-- Found rmw_implementation_cmake: 6.1.3 (/opt/ros/humble/share/rmw_implementation_cmake/cmake)
-- Found rmw_cyclonedds_cpp: 1.3.5 (/opt/ros/humble/share/rmw_cyclonedds_cpp/cmake)
-- Using RMW implementation 'rmw_cyclonedds_cpp' as default
-- Found sensor_msgs: 4.9.2 (/opt/ros/humble/share/sensor_msgs/cmake)
-- Found trajectory_msgs: 4.9.2 (/opt/ros/humble/share/trajectory_msgs/cmake)
-- Found rosbag2_cpp: 0.15.16 (/opt/ros/humble/share/rosbag2_cpp/cmake)
-- Found unitree_arm: 0.0.0 (/workspace/unitree_ros2/cyclonedds_ws/install/unitree_arm/share/unitree_arm/cmake)
-- Found ament_lint_auto: 0.12.15 (/opt/ros/humble/share/ament_lint_auto/cmake)
-- Added test 'copyright' to check source files copyright and LICENSE
-- Added test 'cppcheck' to perform static code analysis on C / C++ code
-- Configured cppcheck include dirs: /workspace/unitree_ros2/example/src/include;/workspace/unitree_ros2/example/src/include/common;/workspace/unitree_ros2/example/src/include/nlohmann;/workspace/unitree_ros2/example/src/include/champ;/workspace/unitree_ros2/example/src/../../../unitree_sdk2/include;/workspace/unitree_ros2/example/src/../../../d1_sdk/src/msg
-- Configured cppcheck exclude dirs and/or files: 
-- Added test 'cpplint' to check C / C++ code against the Google style
-- Configured cpplint exclude dirs and/or files: 
-- Added test 'flake8' to check Python code syntax and style conventions
-- Added test 'lint_cmake' to check CMake code style
-- Added test 'pep257' to check Python code against some of the docstring style conventions in PEP 257
-- Added test 'uncrustify' to check C / C++ code style
-- Configured uncrustify additional arguments: 
-- Added test 'xmllint' to check XML markup files
-- Configuring done
-- Generating done
-- Build files have been written to: /workspace/build/unitree_ros2_example
Consolidate compiler generated dependencies of target read_low_state
Consolidate compiler generated dependencies of target read_wireless_controller
Consolidate compiler generated dependencies of target read_motion_state
Consolidate compiler generated dependencies of target go2_sport_client
Consolidate compiler generated dependencies of target low_level_ctrl
[ 16%] Building CXX object CMakeFiles/go2_d1_arm_poses.dir/src/go2/go2_d1_arm_poses.cpp.o
[ 16%] Building CXX object CMakeFiles/go2_d1_stand_controller.dir/workspace/d1_sdk/src/msg/ArmString_.cpp.o
[ 16%] Building CXX object CMakeFiles/go2_d1_stand_controller.dir/src/go2/go2_d1_stand_controller.cpp.o
[ 16%] Building CXX object CMakeFiles/go2_stand_example.dir/src/go2/go2_stand_example.cpp.o
[ 23%] Building CXX object CMakeFiles/go2_robot_state_client.dir/src/go2/go2_robot_state_client.cpp.o
[ 26%] Building CXX object CMakeFiles/go2_champ_gait_planner.dir/src/go2/go2_champ_gait_planner.cpp.o
[ 26%] Building CXX object CMakeFiles/go2_d1_stand_controller.dir/workspace/d1_sdk/src/msg/PubServoInfo_.cpp.o
[ 30%] Building CXX object CMakeFiles/go2_d1_arm_poses.dir/workspace/d1_sdk/src/msg/ArmString_.cpp.o
[ 36%] Building CXX object CMakeFiles/go2_d1_arm_poses.dir/workspace/d1_sdk/src/msg/PubServoInfo_.cpp.o
[ 36%] Building CXX object CMakeFiles/go2_stand_example.dir/src/common/motor_crc.cpp.o
[ 36%] Building CXX object CMakeFiles/go2_champ_dds_bridge.dir/src/go2/go2_champ_dds_bridge.cpp.o
[ 40%] Building CXX object CMakeFiles/read_low_state.dir/src/read_low_state.cpp.o
[ 43%] Building CXX object CMakeFiles/read_wireless_controller.dir/src/read_wireless_controller.cpp.o
[ 46%] Building CXX object CMakeFiles/go2_sport_client.dir/src/go2/go2_sport_client.cpp.o
[ 50%] Building CXX object CMakeFiles/read_motion_state.dir/src/read_motion_state.cpp.o
[ 53%] Building CXX object CMakeFiles/low_level_ctrl.dir/src/low_level_ctrl.cpp.o
In file included from /workspace/unitree_ros2/example/src/../../../unitree_sdk2/include/unitree/common/any.hpp:4,
                 from /workspace/unitree_ros2/example/src/../../../unitree_sdk2/include/unitree/common/json/json.hpp:4,
                 from /workspace/unitree_ros2/example/src/../../../unitree_sdk2/include/unitree/common/dds/dds_qos_policy_parameter.hpp:4,
                 from /workspace/unitree_ros2/example/src/../../../unitree_sdk2/include/unitree/common/dds/dds_qos_parameter.hpp:4,
                 from /workspace/unitree_ros2/example/src/../../../unitree_sdk2/include/unitree/common/dds/dds_parameter.hpp:5,
                 from /workspace/unitree_ros2/example/src/../../../unitree_sdk2/include/unitree/common/dds/dds_factory_model.hpp:4,
                 from /workspace/unitree_ros2/example/src/../../../unitree_sdk2/include/unitree/robot/channel/channel_factory.hpp:4,
                 from /workspace/unitree_ros2/example/src/src/go2/go2_champ_dds_bridge.cpp:36:
/workspace/unitree_ros2/example/src/../../../unitree_sdk2/include/unitree/common/exception.hpp:123:37: warning: ISO C++ does not permit named variadic macros [-Wvariadic-macros]
  123 | #define UT_THROW(ExceptionType, args...)    \
      |                                     ^~~
/workspace/unitree_ros2/example/src/../../../unitree_sdk2/include/unitree/common/exception.hpp:131:51: warning: ISO C++ does not permit named variadic macros [-Wvariadic-macros]
  131 | #define UT_THROW_IF(condition, ExceptionType, args...)  \
      |                                                   ^~~
In file included from /workspace/unitree_ros2/example/src/../../../unitree_sdk2/include/unitree/common/any.hpp:4,
                 from /workspace/unitree_ros2/example/src/../../../unitree_sdk2/include/unitree/common/json/json.hpp:4,
                 from /workspace/unitree_ros2/example/src/../../../unitree_sdk2/include/unitree/common/dds/dds_qos_policy_parameter.hpp:4,
                 from /workspace/unitree_ros2/example/src/../../../unitree_sdk2/include/unitree/common/dds/dds_qos_parameter.hpp:4,
                 from /workspace/unitree_ros2/example/src/../../../unitree_sdk2/include/unitree/common/dds/dds_parameter.hpp:5,
                 from /workspace/unitree_ros2/example/src/../../../unitree_sdk2/include/unitree/common/dds/dds_factory_model.hpp:4,
                 from /workspace/unitree_ros2/example/src/../../../unitree_sdk2/include/unitree/robot/channel/channel_factory.hpp:4,
                 from /workspace/unitree_ros2/example/src/src/go2/go2_d1_stand_controller.cpp:14:
/workspace/unitree_ros2/example/src/../../../unitree_sdk2/include/unitree/common/exception.hpp:123:37: warning: ISO C++ does not permit named variadic macros [-Wvariadic-macros]
  123 | #define UT_THROW(ExceptionType, args...)    \
      |                                     ^~~
/workspace/unitree_ros2/example/src/../../../unitree_sdk2/include/unitree/common/exception.hpp:131:51: warning: ISO C++ does not permit named variadic macros [-Wvariadic-macros]
  131 | #define UT_THROW_IF(condition, ExceptionType, args...)  \
      |                                                   ^~~
In file included from /workspace/unitree_ros2/example/src/../../../unitree_sdk2/include/unitree/common/any.hpp:4,
                 from /workspace/unitree_ros2/example/src/../../../unitree_sdk2/include/unitree/common/json/json.hpp:4,
                 from /workspace/unitree_ros2/example/src/../../../unitree_sdk2/include/unitree/common/dds/dds_qos_policy_parameter.hpp:4,
                 from /workspace/unitree_ros2/example/src/../../../unitree_sdk2/include/unitree/common/dds/dds_qos_parameter.hpp:4,
                 from /workspace/unitree_ros2/example/src/../../../unitree_sdk2/include/unitree/common/dds/dds_parameter.hpp:5,
                 from /workspace/unitree_ros2/example/src/../../../unitree_sdk2/include/unitree/common/dds/dds_factory_model.hpp:4,
                 from /workspace/unitree_ros2/example/src/../../../unitree_sdk2/include/unitree/robot/channel/channel_factory.hpp:4,
                 from /workspace/unitree_ros2/example/src/src/go2/go2_d1_arm_poses.cpp:33:
/workspace/unitree_ros2/example/src/../../../unitree_sdk2/include/unitree/common/exception.hpp:123:37: warning: ISO C++ does not permit named variadic macros [-Wvariadic-macros]
  123 | #define UT_THROW(ExceptionType, args...)    \
      |                                     ^~~
/workspace/unitree_ros2/example/src/../../../unitree_sdk2/include/unitree/common/exception.hpp:131:51: warning: ISO C++ does not permit named variadic macros [-Wvariadic-macros]
  131 | #define UT_THROW_IF(condition, ExceptionType, args...)  \
      |                                                   ^~~
[ 56%] Building CXX object CMakeFiles/low_level_ctrl.dir/src/common/motor_crc.cpp.o
[ 60%] Building CXX object CMakeFiles/go2_robot_state_client.dir/src/common/motor_crc.cpp.o
[ 63%] Building CXX object CMakeFiles/go2_sport_client.dir/src/common/ros2_sport_client.cpp.o
[ 66%] Linking CXX executable go2_champ_dds_bridge
[ 70%] Linking CXX executable go2_d1_stand_controller
[ 73%] Linking CXX executable go2_d1_arm_poses
In file included from /workspace/unitree_ros2/example/src/include/champ/body_controller/body_controller.h:31,
                 from /workspace/unitree_ros2/example/src/src/go2/go2_champ_gait_planner.cpp:40:
/workspace/unitree_ros2/example/src/include/champ/geometry/geometry.h: In copy constructor ‘geometry::Point::Point(const geometry::Point&)’:
/workspace/unitree_ros2/example/src/include/champ/geometry/geometry.h:39:65: warning: implicitly-declared ‘constexpr geometry::Point& geometry::Point::operator=(const geometry::Point&)’ is deprecated [-Wdeprecated-copy]
   39 |             Point(const Point &obj) : Matrix<3,1>() { (*this) = obj; }
      |                                                                 ^~~
/workspace/unitree_ros2/example/src/include/champ/geometry/geometry.h:39:13: note: because ‘geometry::Point’ has user-provided ‘geometry::Point::Point(const geometry::Point&)’
   39 |             Point(const Point &obj) : Matrix<3,1>() { (*this) = obj; }
      |             ^~~~~
/workspace/unitree_ros2/example/src/include/champ/geometry/geometry.h: In copy constructor ‘geometry::Rotation::Rotation(const geometry::Rotation&)’:
/workspace/unitree_ros2/example/src/include/champ/geometry/geometry.h:91:71: warning: implicitly-declared ‘constexpr geometry::Rotation& geometry::Rotation::operator=(const geometry::Rotation&)’ is deprecated [-Wdeprecated-copy]
   91 |             Rotation(const Rotation &obj) : Matrix<3,3>() { (*this) = obj; }
      |                                                                       ^~~
/workspace/unitree_ros2/example/src/include/champ/geometry/geometry.h:91:13: note: because ‘geometry::Rotation’ has user-provided ‘geometry::Rotation::Rotation(const geometry::Rotation&)’
   91 |             Rotation(const Rotation &obj) : Matrix<3,3>() { (*this) = obj; }
      |             ^~~~~~~~
/workspace/unitree_ros2/example/src/include/champ/geometry/geometry.h: In copy constructor ‘geometry::Transformation::Transformation(const geometry::Transformation&)’:
/workspace/unitree_ros2/example/src/include/champ/geometry/geometry.h:230:67: warning: implicitly-declared ‘constexpr geometry::Transformation& geometry::Transformation::operator=(const geometry::Transformation&)’ is deprecated [-Wdeprecated-copy]
  230 |             Transformation(const Transformation &obj) { (*this) = obj; }
      |                                                                   ^~~
/workspace/unitree_ros2/example/src/include/champ/geometry/geometry.h:230:13: note: because ‘geometry::Transformation’ has user-provided ‘geometry::Transformation::Transformation(const geometry::Transformation&)’
  230 |             Transformation(const Transformation &obj) { (*this) = obj; }
      |             ^~~~~~~~~~~~~~
/workspace/unitree_ros2/example/src/include/champ/geometry/geometry.h: In member function ‘geometry::Transformation& geometry::Transformation::RotateX(float)’:
/workspace/unitree_ros2/example/src/include/champ/geometry/geometry.h:273:21: warning: implicitly-declared ‘constexpr geometry::Point& geometry::Point::operator=(const geometry::Point&)’ is deprecated [-Wdeprecated-copy]
  273 |                 p = tmp;
      |                     ^~~
/workspace/unitree_ros2/example/src/include/champ/geometry/geometry.h:39:13: note: because ‘geometry::Point’ has user-provided ‘geometry::Point::Point(const geometry::Point&)’
   39 |             Point(const Point &obj) : Matrix<3,1>() { (*this) = obj; }
      |             ^~~~~
/workspace/unitree_ros2/example/src/include/champ/geometry/geometry.h: In member function ‘geometry::Transformation& geometry::Transformation::RotateY(float)’:
/workspace/unitree_ros2/example/src/include/champ/geometry/geometry.h:287:21: warning: implicitly-declared ‘constexpr geometry::Point& geometry::Point::operator=(const geometry::Point&)’ is deprecated [-Wdeprecated-copy]
  287 |                 p = tmp;
      |                     ^~~
/workspace/unitree_ros2/example/src/include/champ/geometry/geometry.h:39:13: note: because ‘geometry::Point’ has user-provided ‘geometry::Point::Point(const geometry::Point&)’
   39 |             Point(const Point &obj) : Matrix<3,1>() { (*this) = obj; }
      |             ^~~~~
/workspace/unitree_ros2/example/src/include/champ/geometry/geometry.h: In member function ‘geometry::Transformation& geometry::Transformation::RotateZ(float)’:
/workspace/unitree_ros2/example/src/include/champ/geometry/geometry.h:301:21: warning: implicitly-declared ‘constexpr geometry::Point& geometry::Point::operator=(const geometry::Point&)’ is deprecated [-Wdeprecated-copy]
  301 |                 p = tmp;
      |                     ^~~
/workspace/unitree_ros2/example/src/include/champ/geometry/geometry.h:39:13: note: because ‘geometry::Point’ has user-provided ‘geometry::Point::Point(const geometry::Point&)’
   39 |             Point(const Point &obj) : Matrix<3,1>() { (*this) = obj; }
      |             ^~~~~
In file included from /workspace/unitree_ros2/example/src/include/champ/quadruped_base/quadruped_leg.h:32,
                 from /workspace/unitree_ros2/example/src/include/champ/quadruped_base/quadruped_base.h:32,
                 from /workspace/unitree_ros2/example/src/include/champ/body_controller/body_controller.h:32,
                 from /workspace/unitree_ros2/example/src/src/go2/go2_champ_gait_planner.cpp:40:
/workspace/unitree_ros2/example/src/include/champ/quadruped_base/quadruped_joint.h: At global scope:
/workspace/unitree_ros2/example/src/include/champ/quadruped_base/quadruped_joint.h:103:13: warning: type qualifiers ignored on function return type [-Wignored-qualifiers]
  103 |             const float x() const
      |             ^~~~~
/workspace/unitree_ros2/example/src/include/champ/quadruped_base/quadruped_joint.h:108:13: warning: type qualifiers ignored on function return type [-Wignored-qualifiers]
  108 |             const float y() const
      |             ^~~~~
/workspace/unitree_ros2/example/src/include/champ/quadruped_base/quadruped_joint.h:113:13: warning: type qualifiers ignored on function return type [-Wignored-qualifiers]
  113 |             const float z() const
      |             ^~~~~
/workspace/unitree_ros2/example/src/include/champ/quadruped_base/quadruped_joint.h:118:13: warning: type qualifiers ignored on function return type [-Wignored-qualifiers]
  118 |             const float roll() const
      |             ^~~~~
/workspace/unitree_ros2/example/src/include/champ/quadruped_base/quadruped_joint.h:123:13: warning: type qualifiers ignored on function return type [-Wignored-qualifiers]
  123 |             const float pitch() const
      |             ^~~~~
/workspace/unitree_ros2/example/src/include/champ/quadruped_base/quadruped_joint.h:128:13: warning: type qualifiers ignored on function return type [-Wignored-qualifiers]
  128 |             const float yaw() const
      |             ^~~~~
In file included from /workspace/unitree_ros2/example/src/include/champ/quadruped_base/quadruped_base.h:32,
                 from /workspace/unitree_ros2/example/src/include/champ/body_controller/body_controller.h:32,
                 from /workspace/unitree_ros2/example/src/src/go2/go2_champ_gait_planner.cpp:40:
/workspace/unitree_ros2/example/src/include/champ/quadruped_base/quadruped_leg.h: In member function ‘geometry::Transformation champ::QuadrupedLeg::foot_from_base()’:
/workspace/unitree_ros2/example/src/include/champ/quadruped_base/quadruped_leg.h:95:51: warning: implicitly-declared ‘constexpr geometry::Point& geometry::Point::operator=(const geometry::Point&)’ is deprecated [-Wdeprecated-copy]
   95 |                 foot_position.p = foot_from_hip().p;
      |                                                   ^
In file included from /workspace/unitree_ros2/example/src/include/champ/body_controller/body_controller.h:31,
                 from /workspace/unitree_ros2/example/src/src/go2/go2_champ_gait_planner.cpp:40:
/workspace/unitree_ros2/example/src/include/champ/geometry/geometry.h:39:13: note: because ‘geometry::Point’ has user-provided ‘geometry::Point::Point(const geometry::Point&)’
   39 |             Point(const Point &obj) : Matrix<3,1>() { (*this) = obj; }
      |             ^~~~~
In file included from /workspace/unitree_ros2/example/src/include/champ/body_controller/body_controller.h:32,
                 from /workspace/unitree_ros2/example/src/src/go2/go2_champ_gait_planner.cpp:40:
/workspace/unitree_ros2/example/src/include/champ/quadruped_base/quadruped_base.h: In member function ‘void champ::QuadrupedBase::getFootPositions(geometry::Transformation*)’:
/workspace/unitree_ros2/example/src/include/champ/quadruped_base/quadruped_base.h:94:65: warning: implicitly-declared ‘constexpr geometry::Transformation& geometry::Transformation::operator=(const geometry::Transformation&)’ is deprecated [-Wdeprecated-copy]
   94 |                     foot_positions[i] = legs[i]->foot_from_base();
      |                                                                 ^
In file included from /workspace/unitree_ros2/example/src/include/champ/body_controller/body_controller.h:31,
                 from /workspace/unitree_ros2/example/src/src/go2/go2_champ_gait_planner.cpp:40:
/workspace/unitree_ros2/example/src/include/champ/geometry/geometry.h:230:13: note: because ‘geometry::Transformation’ has user-provided ‘geometry::Transformation::Transformation(const geometry::Transformation&)’
  230 |             Transformation(const Transformation &obj) { (*this) = obj; }
      |             ^~~~~~~~~~~~~~
In file included from /workspace/unitree_ros2/example/src/src/go2/go2_champ_gait_planner.cpp:40:
/workspace/unitree_ros2/example/src/include/champ/body_controller/body_controller.h: In static member function ‘static void champ::BodyController::poseCommand(geometry::Transformation&, champ::QuadrupedLeg&, const champ::Pose&)’:
/workspace/unitree_ros2/example/src/include/champ/body_controller/body_controller.h:80:49: warning: implicitly-declared ‘constexpr geometry::Transformation& geometry::Transformation::operator=(const geometry::Transformation&)’ is deprecated [-Wdeprecated-copy]
   80 |                 foot_position = leg.zero_stance();
      |                                                 ^
In file included from /workspace/unitree_ros2/example/src/include/champ/body_controller/body_controller.h:31,
                 from /workspace/unitree_ros2/example/src/src/go2/go2_champ_gait_planner.cpp:40:
/workspace/unitree_ros2/example/src/include/champ/geometry/geometry.h:230:13: note: because ‘geometry::Transformation’ has user-provided ‘geometry::Transformation::Transformation(const geometry::Transformation&)’
  230 |             Transformation(const Transformation &obj) { (*this) = obj; }
      |             ^~~~~~~~~~~~~~
In file included from /workspace/unitree_ros2/example/src/include/champ/leg_controller/leg_controller.h:34,
                 from /workspace/unitree_ros2/example/src/src/go2/go2_champ_gait_planner.cpp:41:
/workspace/unitree_ros2/example/src/include/champ/leg_controller/trajectory_planner.h: In member function ‘void champ::TrajectoryPlanner::generate(geometry::Transformation&, float, float, float, float)’:
/workspace/unitree_ros2/example/src/include/champ/leg_controller/trajectory_planner.h:110:43: warning: implicitly-declared ‘constexpr geometry::Transformation& geometry::Transformation::operator=(const geometry::Transformation&)’ is deprecated [-Wdeprecated-copy]
  110 |                     prev_foot_position_ = foot_position;
      |                                           ^~~~~~~~~~~~~
In file included from /workspace/unitree_ros2/example/src/include/champ/body_controller/body_controller.h:31,
                 from /workspace/unitree_ros2/example/src/src/go2/go2_champ_gait_planner.cpp:40:
/workspace/unitree_ros2/example/src/include/champ/geometry/geometry.h:230:13: note: because ‘geometry::Transformation’ has user-provided ‘geometry::Transformation::Transformation(const geometry::Transformation&)’
  230 |             Transformation(const Transformation &obj) { (*this) = obj; }
      |             ^~~~~~~~~~~~~~
In file included from /workspace/unitree_ros2/example/src/include/champ/leg_controller/leg_controller.h:34,
                 from /workspace/unitree_ros2/example/src/src/go2/go2_champ_gait_planner.cpp:41:
/workspace/unitree_ros2/example/src/include/champ/leg_controller/trajectory_planner.h:116:43: warning: implicitly-declared ‘constexpr geometry::Transformation& geometry::Transformation::operator=(const geometry::Transformation&)’ is deprecated [-Wdeprecated-copy]
  116 |                     prev_foot_position_ = foot_position;
      |                                           ^~~~~~~~~~~~~
In file included from /workspace/unitree_ros2/example/src/include/champ/body_controller/body_controller.h:31,
                 from /workspace/unitree_ros2/example/src/src/go2/go2_champ_gait_planner.cpp:40:
/workspace/unitree_ros2/example/src/include/champ/geometry/geometry.h:230:13: note: because ‘geometry::Transformation’ has user-provided ‘geometry::Transformation::Transformation(const geometry::Transformation&)’
  230 |             Transformation(const Transformation &obj) { (*this) = obj; }
      |             ^~~~~~~~~~~~~~
In file included from /workspace/unitree_ros2/example/src/include/champ/leg_controller/leg_controller.h:34,
                 from /workspace/unitree_ros2/example/src/src/go2/go2_champ_gait_planner.cpp:41:
/workspace/unitree_ros2/example/src/include/champ/leg_controller/trajectory_planner.h:156:37: warning: implicitly-declared ‘constexpr geometry::Transformation& geometry::Transformation::operator=(const geometry::Transformation&)’ is deprecated [-Wdeprecated-copy]
  156 |                     foot_position = prev_foot_position_;
      |                                     ^~~~~~~~~~~~~~~~~~~
In file included from /workspace/unitree_ros2/example/src/include/champ/body_controller/body_controller.h:31,
                 from /workspace/unitree_ros2/example/src/src/go2/go2_champ_gait_planner.cpp:40:
/workspace/unitree_ros2/example/src/include/champ/geometry/geometry.h:230:13: note: because ‘geometry::Transformation’ has user-provided ‘geometry::Transformation::Transformation(const geometry::Transformation&)’
  230 |             Transformation(const Transformation &obj) { (*this) = obj; }
      |             ^~~~~~~~~~~~~~
In file included from /workspace/unitree_ros2/example/src/include/champ/leg_controller/leg_controller.h:34,
                 from /workspace/unitree_ros2/example/src/src/go2/go2_champ_gait_planner.cpp:41:
/workspace/unitree_ros2/example/src/include/champ/leg_controller/trajectory_planner.h:159:39: warning: implicitly-declared ‘constexpr geometry::Transformation& geometry::Transformation::operator=(const geometry::Transformation&)’ is deprecated [-Wdeprecated-copy]
  159 |                 prev_foot_position_ = foot_position;
      |                                       ^~~~~~~~~~~~~
In file included from /workspace/unitree_ros2/example/src/include/champ/body_controller/body_controller.h:31,
                 from /workspace/unitree_ros2/example/src/src/go2/go2_champ_gait_planner.cpp:40:
/workspace/unitree_ros2/example/src/include/champ/geometry/geometry.h:230:13: note: because ‘geometry::Transformation’ has user-provided ‘geometry::Transformation::Transformation(const geometry::Transformation&)’
  230 |             Transformation(const Transformation &obj) { (*this) = obj; }
      |             ^~~~~~~~~~~~~~
In file included from /workspace/unitree_ros2/example/src/include/champ/kinematics/kinematics.h:36,
                 from /workspace/unitree_ros2/example/src/include/champ/body_controller/body_controller.h:34,
                 from /workspace/unitree_ros2/example/src/src/go2/go2_champ_gait_planner.cpp:40:
/workspace/unitree_ros2/example/src/include/champ/leg_controller/phase_generator.h: In static member function ‘static champ::PhaseGenerator::Time champ::PhaseGenerator::now()’:
/workspace/unitree_ros2/example/src/include/champ/macros/macros.h:34:23: warning: ISO C++ forbids braced-groups within expressions [-Wpedantic]
   34 |     #define time_us() ({ \
      |                       ^
/workspace/unitree_ros2/example/src/include/champ/leg_controller/phase_generator.h:40:47: note: in expansion of macro ‘time_us’
   40 |             static inline Time now() { return time_us(); }
      |                                               ^~~~~~~
In file included from /workspace/unitree_ros2/example/src/include/champ/leg_controller/leg_controller.h:35,
                 from /workspace/unitree_ros2/example/src/src/go2/go2_champ_gait_planner.cpp:41:
/workspace/unitree_ros2/example/src/include/champ/leg_controller/phase_generator.h: In member function ‘void champ::PhaseGenerator::run(float, float, champ::PhaseGenerator::Time)’:
/workspace/unitree_ros2/example/src/include/champ/leg_controller/phase_generator.h:60:51: warning: unused parameter ‘step_length’ [-Wunused-parameter]
   60 |             void run(float target_velocity, float step_length, Time time = now())
      |                                             ~~~~~~^~~~~~~~~~~
[ 73%] Built target go2_champ_dds_bridge
[ 76%] Linking CXX executable low_level_ctrl
[ 76%] Built target low_level_ctrl
[ 76%] Built target go2_d1_stand_controller
[ 76%] Built target go2_d1_arm_poses
[ 80%] Linking CXX executable read_motion_state
[ 83%] Linking CXX executable read_low_state
[ 86%] Linking CXX executable read_wireless_controller
[ 86%] Built target read_motion_state
[ 86%] Built target read_low_state
[ 86%] Built target read_wireless_controller
[ 90%] Linking CXX executable go2_stand_example
[ 90%] Built target go2_stand_example
[ 93%] Linking CXX executable go2_robot_state_client
[ 96%] Linking CXX executable go2_sport_client
[ 96%] Built target go2_robot_state_client
[ 96%] Built target go2_sport_client
[100%] Linking CXX executable go2_champ_gait_planner
[100%] Built target go2_champ_gait_planner
-- Install configuration: ""
-- Installing: /workspace/install/unitree_ros2_example/lib/unitree_ros2_example/low_level_ctrl
-- Set runtime path of "/workspace/install/unitree_ros2_example/lib/unitree_ros2_example/low_level_ctrl" to ""
-- Installing: /workspace/install/unitree_ros2_example/lib/unitree_ros2_example/read_low_state
-- Set runtime path of "/workspace/install/unitree_ros2_example/lib/unitree_ros2_example/read_low_state" to ""
-- Installing: /workspace/install/unitree_ros2_example/lib/unitree_ros2_example/read_motion_state
-- Set runtime path of "/workspace/install/unitree_ros2_example/lib/unitree_ros2_example/read_motion_state" to ""
-- Installing: /workspace/install/unitree_ros2_example/lib/unitree_ros2_example/read_wireless_controller
-- Set runtime path of "/workspace/install/unitree_ros2_example/lib/unitree_ros2_example/read_wireless_controller" to ""
-- Installing: /workspace/install/unitree_ros2_example/lib/unitree_ros2_example/go2_sport_client
-- Set runtime path of "/workspace/install/unitree_ros2_example/lib/unitree_ros2_example/go2_sport_client" to ""
-- Installing: /workspace/install/unitree_ros2_example/lib/unitree_ros2_example/go2_stand_example
-- Set runtime path of "/workspace/install/unitree_ros2_example/lib/unitree_ros2_example/go2_stand_example" to ""
-- Installing: /workspace/install/unitree_ros2_example/lib/unitree_ros2_example/go2_champ_dds_bridge
-- Set runtime path of "/workspace/install/unitree_ros2_example/lib/unitree_ros2_example/go2_champ_dds_bridge" to ""
-- Installing: /workspace/install/unitree_ros2_example/lib/unitree_ros2_example/go2_champ_gait_planner
-- Set runtime path of "/workspace/install/unitree_ros2_example/lib/unitree_ros2_example/go2_champ_gait_planner" to ""
-- Installing: /workspace/install/unitree_ros2_example/bin/go2_robot_state_client
-- Set runtime path of "/workspace/install/unitree_ros2_example/bin/go2_robot_state_client" to ""
-- Installing: /workspace/install/unitree_ros2_example/bin/go2_d1_stand_controller
-- Set runtime path of "/workspace/install/unitree_ros2_example/bin/go2_d1_stand_controller" to ""
-- Installing: /workspace/install/unitree_ros2_example/bin/go2_d1_arm_poses
-- Set runtime path of "/workspace/install/unitree_ros2_example/bin/go2_d1_arm_poses" to ""
-- Installing: /workspace/install/unitree_ros2_example/share/unitree_ros2_example/config
-- Installing: /workspace/install/unitree_ros2_example/share/unitree_ros2_example/config/go2_champ_gait.yaml
-- Installing: /workspace/install/unitree_ros2_example/share/unitree_ros2_example/launch
-- Installing: /workspace/install/unitree_ros2_example/share/unitree_ros2_example/launch/go2_champ_walk.launch.py
-- Installing: /workspace/install/unitree_ros2_example/share/ament_index/resource_index/package_run_dependencies/unitree_ros2_example
-- Installing: /workspace/install/unitree_ros2_example/share/ament_index/resource_index/parent_prefix_path/unitree_ros2_example
-- Installing: /workspace/install/unitree_ros2_example/share/unitree_ros2_example/environment/ament_prefix_path.sh
-- Installing: /workspace/install/unitree_ros2_example/share/unitree_ros2_example/environment/ament_prefix_path.dsv
-- Installing: /workspace/install/unitree_ros2_example/share/unitree_ros2_example/environment/path.sh
-- Installing: /workspace/install/unitree_ros2_example/share/unitree_ros2_example/environment/path.dsv
-- Installing: /workspace/install/unitree_ros2_example/share/unitree_ros2_example/local_setup.bash
-- Installing: /workspace/install/unitree_ros2_example/share/unitree_ros2_example/local_setup.sh
-- Installing: /workspace/install/unitree_ros2_example/share/unitree_ros2_example/local_setup.zsh
-- Installing: /workspace/install/unitree_ros2_example/share/unitree_ros2_example/local_setup.dsv
-- Installing: /workspace/install/unitree_ros2_example/share/unitree_ros2_example/package.dsv
-- Installing: /workspace/install/unitree_ros2_example/share/ament_index/resource_index/packages/unitree_ros2_example
-- Installing: /workspace/install/unitree_ros2_example/share/unitree_ros2_example/cmake/unitree_ros2_exampleConfig.cmake
-- Installing: /workspace/install/unitree_ros2_example/share/unitree_ros2_example/cmake/unitree_ros2_exampleConfig-version.cmake
-- Installing: /workspace/install/unitree_ros2_example/share/unitree_ros2_example/package.xml
