-- Found ament_cmake: 1.3.14 (/opt/ros/humble/share/ament_cmake/cmake)
-- Found unitree_go: 0.0.0 (/workspace/unitree_ros2/cyclonedds_ws/install/unitree_go/share/unitree_go/cmake)
-- Found rosidl_generator_c: 3.1.9 (/opt/ros/humble/share/rosidl_generator_c/cmake)
-- Found rosidl_adapter: 3.1.9 (/opt/ros/humble/share/rosidl_adapter/cmake)
-- Found rosidl_generator_cpp: 3.1.9 (/opt/ros/humble/share/rosidl_generator_cpp/cmake)
-- Using all available rosidl_typesupport_c: rosidl_typesupport_fastrtps_c;rosidl_typesupport_introspection_c
-- Using all available rosidl_typesupport_cpp: rosidl_typesupport_fastrtps_cpp;rosidl_typesupport_introspection_cpp
-- Found unitree_hg: 0.0.0 (/workspace/unitree_ros2/cyclonedds_ws/install/unitree_hg/share/unitree_hg/cmake)
-- Found unitree_api: 0.0.0 (/workspace/unitree_ros2/cyclonedds_ws/install/unitree_api/share/unitree_api/cmake)
-- Found rclcpp: 16.0.19 (/opt/ros/humble/share/rclcpp/cmake)
-- Found rmw_implementation_cmake: 6.1.3 (/opt/ros/humble/share/rmw_implementation_cmake/cmake)
-- Found rmw_cyclonedds_cpp: 1.3.5 (/opt/ros/humble/share/rmw_cyclonedds_cpp/cmake)
-- Using RMW implementation 'rmw_cyclonedds_cpp' as default
-- Found sensor_msgs: 4.9.2 (/opt/ros/humble/share/sensor_msgs/cmake)
-- Found trajectory_msgs: 4.9.2 (/opt/ros/humble/share/trajectory_msgs/cmake)
-- Found rosbag2_cpp: 0.15.16 (/opt/ros/humble/share/rosbag2_cpp/cmake)
-- Found unitree_arm: 0.0.0 (/workspace/unitree_ros2/cyclonedds_ws/install/unitree_arm/share/unitree_arm/cmake)
-- Found ament_lint_auto: 0.12.15 (/opt/ros/humble/share/ament_lint_auto/cmake)
-- Added test 'copyright' to check source files copyright and LICENSE
-- Added test 'cppcheck' to perform static code analysis on C / C++ code
-- Configured cppcheck include dirs: /workspace/unitree_ros2/example/src/include;/workspace/unitree_ros2/example/src/include/common;/workspace/unitree_ros2/example/src/include/nlohmann;/workspace/unitree_ros2/example/src/include/champ;/workspace/unitree_ros2/example/src/../../../unitree_sdk2/include;/workspace/unitree_ros2/example/src/../../../d1_sdk/src/msg
-- Configured cppcheck exclude dirs and/or files: 
-- Added test 'cpplint' to check C / C++ code against the Google style
-- Configured cpplint exclude dirs and/or files: 
-- Added test 'flake8' to check Python code syntax and style conventions
-- Added test 'lint_cmake' to check CMake code style
-- Added test 'pep257' to check Python code against some of the docstring style conventions in PEP 257
-- Added test 'uncrustify' to check C / C++ code style
-- Configured uncrustify additional arguments: 
-- Added test 'xmllint' to check XML markup files
-- Configuring done
-- Generating done
-- Build files have been written to: /workspace/build/unitree_ros2_example
Consolidate compiler generated dependencies of target read_low_state
Consolidate compiler generated dependencies of target read_wireless_controller
Consolidate compiler generated dependencies of target read_motion_state
Consolidate compiler generated dependencies of target go2_sport_client
Consolidate compiler generated dependencies of target low_level_ctrl
[ 16%] Building CXX object CMakeFiles/go2_d1_arm_poses.dir/src/go2/go2_d1_arm_poses.cpp.o
[ 16%] Building CXX object CMakeFiles/go2_d1_stand_controller.dir/workspace/d1_sdk/src/msg/ArmString_.cpp.o
[ 16%] Building CXX object CMakeFiles/go2_d1_stand_controller.dir/src/go2/go2_d1_stand_controller.cpp.o
[ 16%] Building CXX object CMakeFiles/go2_stand_example.dir/src/go2/go2_stand_example.cpp.o
[ 23%] Building CXX object CMakeFiles/go2_robot_state_client.dir/src/go2/go2_robot_state_client.cpp.o
[ 26%] Building CXX object CMakeFiles/go2_champ_gait_planner.dir/src/go2/go2_champ_gait_planner.cpp.o
[ 26%] Building CXX object CMakeFiles/go2_d1_stand_controller.dir/workspace/d1_sdk/src/msg/PubServoInfo_.cpp.o
[ 30%] Building CXX object CMakeFiles/go2_d1_arm_poses.dir/workspace/d1_sdk/src/msg/ArmString_.cpp.o
[ 36%] Building CXX object CMakeFiles/go2_d1_arm_poses.dir/workspace/d1_sdk/src/msg/PubServoInfo_.cpp.o
[ 36%] Building CXX object CMakeFiles/go2_stand_example.dir/src/common/motor_crc.cpp.o
[ 36%] Building CXX object CMakeFiles/go2_champ_dds_bridge.dir/src/go2/go2_champ_dds_bridge.cpp.o
[ 40%] Building CXX object CMakeFiles/read_low_state.dir/src/read_low_state.cpp.o
[ 43%] Building CXX object CMakeFiles/read_wireless_controller.dir/src/read_wireless_controller.cpp.o
[ 46%] Building CXX object CMakeFiles/go2_sport_client.dir/src/go2/go2_sport_client.cpp.o
[ 50%] Building CXX object CMakeFiles/read_motion_state.dir/src/read_motion_state.cpp.o
[ 53%] Building CXX object CMakeFiles/low_level_ctrl.dir/src/low_level_ctrl.cpp.o
[ 56%] Building CXX object CMakeFiles/low_level_ctrl.dir/src/common/motor_crc.cpp.o
[ 60%] Building CXX object CMakeFiles/go2_robot_state_client.dir/src/common/motor_crc.cpp.o
[ 63%] Building CXX object CMakeFiles/go2_sport_client.dir/src/common/ros2_sport_client.cpp.o
[ 66%] Linking CXX executable go2_champ_dds_bridge
[ 70%] Linking CXX executable go2_d1_stand_controller
[ 73%] Linking CXX executable go2_d1_arm_poses
[ 73%] Built target go2_champ_dds_bridge
[ 76%] Linking CXX executable low_level_ctrl
[ 76%] Built target low_level_ctrl
[ 76%] Built target go2_d1_stand_controller
[ 76%] Built target go2_d1_arm_poses
[ 80%] Linking CXX executable read_motion_state
[ 83%] Linking CXX executable read_low_state
[ 86%] Linking CXX executable read_wireless_controller
[ 86%] Built target read_motion_state
[ 86%] Built target read_low_state
[ 86%] Built target read_wireless_controller
[ 90%] Linking CXX executable go2_stand_example
[ 90%] Built target go2_stand_example
[ 93%] Linking CXX executable go2_robot_state_client
[ 96%] Linking CXX executable go2_sport_client
[ 96%] Built target go2_robot_state_client
[ 96%] Built target go2_sport_client
[100%] Linking CXX executable go2_champ_gait_planner
[100%] Built target go2_champ_gait_planner
-- Install configuration: ""
-- Installing: /workspace/install/unitree_ros2_example/lib/unitree_ros2_example/low_level_ctrl
-- Set runtime path of "/workspace/install/unitree_ros2_example/lib/unitree_ros2_example/low_level_ctrl" to ""
-- Installing: /workspace/install/unitree_ros2_example/lib/unitree_ros2_example/read_low_state
-- Set runtime path of "/workspace/install/unitree_ros2_example/lib/unitree_ros2_example/read_low_state" to ""
-- Installing: /workspace/install/unitree_ros2_example/lib/unitree_ros2_example/read_motion_state
-- Set runtime path of "/workspace/install/unitree_ros2_example/lib/unitree_ros2_example/read_motion_state" to ""
-- Installing: /workspace/install/unitree_ros2_example/lib/unitree_ros2_example/read_wireless_controller
-- Set runtime path of "/workspace/install/unitree_ros2_example/lib/unitree_ros2_example/read_wireless_controller" to ""
-- Installing: /workspace/install/unitree_ros2_example/lib/unitree_ros2_example/go2_sport_client
-- Set runtime path of "/workspace/install/unitree_ros2_example/lib/unitree_ros2_example/go2_sport_client" to ""
-- Installing: /workspace/install/unitree_ros2_example/lib/unitree_ros2_example/go2_stand_example
-- Set runtime path of "/workspace/install/unitree_ros2_example/lib/unitree_ros2_example/go2_stand_example" to ""
-- Installing: /workspace/install/unitree_ros2_example/lib/unitree_ros2_example/go2_champ_dds_bridge
-- Set runtime path of "/workspace/install/unitree_ros2_example/lib/unitree_ros2_example/go2_champ_dds_bridge" to ""
-- Installing: /workspace/install/unitree_ros2_example/lib/unitree_ros2_example/go2_champ_gait_planner
-- Set runtime path of "/workspace/install/unitree_ros2_example/lib/unitree_ros2_example/go2_champ_gait_planner" to ""
-- Installing: /workspace/install/unitree_ros2_example/bin/go2_robot_state_client
-- Set runtime path of "/workspace/install/unitree_ros2_example/bin/go2_robot_state_client" to ""
-- Installing: /workspace/install/unitree_ros2_example/bin/go2_d1_stand_controller
-- Set runtime path of "/workspace/install/unitree_ros2_example/bin/go2_d1_stand_controller" to ""
-- Installing: /workspace/install/unitree_ros2_example/bin/go2_d1_arm_poses
-- Set runtime path of "/workspace/install/unitree_ros2_example/bin/go2_d1_arm_poses" to ""
-- Installing: /workspace/install/unitree_ros2_example/share/unitree_ros2_example/config
-- Installing: /workspace/install/unitree_ros2_example/share/unitree_ros2_example/config/go2_champ_gait.yaml
-- Installing: /workspace/install/unitree_ros2_example/share/unitree_ros2_example/launch
-- Installing: /workspace/install/unitree_ros2_example/share/unitree_ros2_example/launch/go2_champ_walk.launch.py
-- Installing: /workspace/install/unitree_ros2_example/share/ament_index/resource_index/package_run_dependencies/unitree_ros2_example
-- Installing: /workspace/install/unitree_ros2_example/share/ament_index/resource_index/parent_prefix_path/unitree_ros2_example
-- Installing: /workspace/install/unitree_ros2_example/share/unitree_ros2_example/environment/ament_prefix_path.sh
-- Installing: /workspace/install/unitree_ros2_example/share/unitree_ros2_example/environment/ament_prefix_path.dsv
-- Installing: /workspace/install/unitree_ros2_example/share/unitree_ros2_example/environment/path.sh
-- Installing: /workspace/install/unitree_ros2_example/share/unitree_ros2_example/environment/path.dsv
-- Installing: /workspace/install/unitree_ros2_example/share/unitree_ros2_example/local_setup.bash
-- Installing: /workspace/install/unitree_ros2_example/share/unitree_ros2_example/local_setup.sh
-- Installing: /workspace/install/unitree_ros2_example/share/unitree_ros2_example/local_setup.zsh
-- Installing: /workspace/install/unitree_ros2_example/share/unitree_ros2_example/local_setup.dsv
-- Installing: /workspace/install/unitree_ros2_example/share/unitree_ros2_example/package.dsv
-- Installing: /workspace/install/unitree_ros2_example/share/ament_index/resource_index/packages/unitree_ros2_example
-- Installing: /workspace/install/unitree_ros2_example/share/unitree_ros2_example/cmake/unitree_ros2_exampleConfig.cmake
-- Installing: /workspace/install/unitree_ros2_example/share/unitree_ros2_example/cmake/unitree_ros2_exampleConfig-version.cmake
-- Installing: /workspace/install/unitree_ros2_example/share/unitree_ros2_example/package.xml
